// Jest Snapshot v1, https://goo.gl/fbAQLP

exports[`testing <Navbar/> component should match snapshot 1`] = `
<div>
  <div
    class="wrapper"
  >
    <nav
      class="navbar container"
    >
      <img
        alt="logo-mutual"
        class="image"
        src="/mutual-svg.svg"
      />
      <ul
        class="navbar-items"
      >
        <li>
          <a
            class="navbar-items"
            href="/noticias"
          >
            Noticias
          </a>
        </li>
        <li>
          <a
            class="navbar-items"
            href="/admin"
          >
            Testimonios
          </a>
        </li>
        <li>
          <a
            class="navbar-items"
            href="/"
          >
            Casos
          </a>
        </li>
        <li>
          <a
            class="navbar-items"
            href="/descargables"
          >
            Descargables
          </a>
        </li>
        <li>
          <a
            class="navbar-items"
            href="/"
          >
            Contactanos
          </a>
        </li>
      </ul>
    </nav>
  </div>
</div>
`;
